21:22:27 **** Incremental Build of configuration Debug for project SPI ****
make -j8 all 
arm-none-eabi-gcc "../Src/main.c" -mcpu=cortex-m4 -std=gnu11 -g3 -DUSE_HAL_DRIVER -DSTM32F334x8 -DDEBUG -c -I../Inc -I../Drivers/CMSIS/Include -I../Drivers/STM32F3xx_HAL_Driver/Inc -I../Drivers/STM32F3xx_HAL_Driver/Inc/Legacy -I../Drivers/CMSIS/Device/ST/STM32F3xx/Include -O0 -ffunction-sections -fdata-sections -Wall -fstack-usage -MMD -MP -MF"Src/main.d" -MT"Src/main.o" --specs=nano.specs -mfpu=fpv4-sp-d16 -mfloat-abi=hard -mthumb -o "Src/main.o"
../Src/main.c: In function 'main':
../Src/main.c:114:28: warning: pointer targets in passing argument 2 of 'HAL_SPI_Receive' differ in signedness [-Wpointer-sign]
    HAL_SPI_Receive(&hspi1, &dadospi, 1, 1000);
                            ^
In file included from ../Inc/stm32f3xx_hal_conf.h:308:0,
                 from ../Drivers/STM32F3xx_HAL_Driver/Inc/stm32f3xx_hal.h:46,
                 from ../Inc/main.h:31,
                 from ../Src/main.c:22:
../Drivers/STM32F3xx_HAL_Driver/Inc/stm32f3xx_hal_spi.h:644:19: note: expected 'uint8_t * {aka unsigned char *}' but argument is of type 'char *'
 HAL_StatusTypeDef HAL_SPI_Receive(SPI_HandleTypeDef *hspi, uint8_t *pData, uint16_t Size, uint32_t Timeout);
                   ^~~~~~~~~~~~~~~
../Src/main.c:118:44: warning: implicit declaration of function 'strlen' [-Wimplicit-function-declaration]
    HAL_UART_Transmit(&huart2, transmissao, strlen(transmissao), 10000);
                                            ^~~~~~
../Src/main.c:118:44: warning: incompatible implicit declaration of built-in function 'strlen'
../Src/main.c:118:44: note: include '<string.h>' or provide a declaration of 'strlen'
../Src/main.c:118:31: warning: pointer targets in passing argument 2 of 'HAL_UART_Transmit' differ in signedness [-Wpointer-sign]
    HAL_UART_Transmit(&huart2, transmissao, strlen(transmissao), 10000);
                               ^~~~~~~~~~~
In file included from ../Inc/stm32f3xx_hal_conf.h:320:0,
                 from ../Drivers/STM32F3xx_HAL_Driver/Inc/stm32f3xx_hal.h:46,
                 from ../Inc/main.h:31,
                 from ../Src/main.c:22:
../Drivers/STM32F3xx_HAL_Driver/Inc/stm32f3xx_hal_uart.h:1351:19: note: expected 'uint8_t * {aka unsigned char *}' but argument is of type 'char *'
 HAL_StatusTypeDef HAL_UART_Transmit(UART_HandleTypeDef *huart, uint8_t *pData, uint16_t Size, uint32_t Timeout);
                   ^~~~~~~~~~~~~~~~~
arm-none-eabi-gcc -o "SPI.elf" @"objects.list"   -mcpu=cortex-m4 -T"C:\Users\ftesch\Desktop\Interfaceamento_Driver\Relogio\SPI\STM32F334R8TX_FLASH.ld" --specs=nosys.specs -Wl,-Map="SPI.map" -Wl,--gc-sections -static --specs=nano.specs -mfpu=fpv4-sp-d16 -mfloat-abi=hard -mthumb -Wl,--start-group -lc -lm -Wl,--end-group
Finished building target: SPI.elf
 
arm-none-eabi-objdump -h -S  SPI.elf  > "SPI.list"
arm-none-eabi-size   SPI.elf 
   text	   data	    bss	    dec	    hex	filename
  15028	    120	   1832	  16980	   4254	SPI.elf
Finished building: default.size.stdout
 
Finished building: SPI.list
 

21:22:31 Build Finished. 0 errors, 4 warnings. (took 3s.656ms)

