21:47:00 **** Incremental Build of configuration Debug for project Paralela ****
make -j8 all 
arm-none-eabi-gcc "../Src/main.c" -mcpu=cortex-m4 -std=gnu11 -g3 -DUSE_HAL_DRIVER -DSTM32F334x8 -DDEBUG -c -I../Inc -I../Drivers/CMSIS/Include -I../Drivers/STM32F3xx_HAL_Driver/Inc -I../Drivers/STM32F3xx_HAL_Driver/Inc/Legacy -I../Drivers/CMSIS/Device/ST/STM32F3xx/Include -O0 -ffunction-sections -fdata-sections -Wall -fstack-usage -MMD -MP -MF"Src/main.d" -MT"Src/main.o" --specs=nano.specs -mfpu=fpv4-sp-d16 -mfloat-abi=hard -mthumb -o "Src/main.o"
../Src/main.c: In function 'main':
../Src/main.c:84:30: warning: pointer targets in passing argument 2 of 'HAL_UART_Transmit' differ in signedness [-Wpointer-sign]
   HAL_UART_Transmit(&huart2, "Iniciado", 8, 1000);
                              ^~~~~~~~~~
In file included from ../Inc/stm32f3xx_hal_conf.h:320:0,
                 from ../Drivers/STM32F3xx_HAL_Driver/Inc/stm32f3xx_hal.h:46,
                 from ../Inc/main.h:31,
                 from ../Src/main.c:22:
../Drivers/STM32F3xx_HAL_Driver/Inc/stm32f3xx_hal_uart.h:1351:19: note: expected 'uint8_t * {aka unsigned char *}' but argument is of type 'char *'
 HAL_StatusTypeDef HAL_UART_Transmit(UART_HandleTypeDef *huart, uint8_t *pData, uint16_t Size, uint32_t Timeout);
                   ^~~~~~~~~~~~~~~~~
../Src/main.c:174:39: warning: implicit declaration of function 'strlen' [-Wimplicit-function-declaration]
    HAL_UART_Transmit(&huart2, buffer, strlen(buffer), 1000);
                                       ^~~~~~
../Src/main.c:174:39: warning: incompatible implicit declaration of built-in function 'strlen'
../Src/main.c:174:39: note: include '<string.h>' or provide a declaration of 'strlen'
../Src/main.c:174:31: warning: pointer targets in passing argument 2 of 'HAL_UART_Transmit' differ in signedness [-Wpointer-sign]
    HAL_UART_Transmit(&huart2, buffer, strlen(buffer), 1000);
                               ^~~~~~
In file included from ../Inc/stm32f3xx_hal_conf.h:320:0,
                 from ../Drivers/STM32F3xx_HAL_Driver/Inc/stm32f3xx_hal.h:46,
                 from ../Inc/main.h:31,
                 from ../Src/main.c:22:
../Drivers/STM32F3xx_HAL_Driver/Inc/stm32f3xx_hal_uart.h:1351:19: note: expected 'uint8_t * {aka unsigned char *}' but argument is of type 'char *'
 HAL_StatusTypeDef HAL_UART_Transmit(UART_HandleTypeDef *huart, uint8_t *pData, uint16_t Size, uint32_t Timeout);
                   ^~~~~~~~~~~~~~~~~
../Src/main.c:110:7: warning: variable 'outputEnable' set but not used [-Wunused-but-set-variable]
  char outputEnable = HAL_GPIO_ReadPin(OUTPUT_ENABLE_GPIO_Port, OUTPUT_ENABLE_Pin);;
       ^~~~~~~~~~~~
arm-none-eabi-gcc -o "Paralela.elf" @"objects.list"   -mcpu=cortex-m4 -T"D:\Faculdade\10_Semestre\Interfaceamento de Drivers\Paralela\STM32F334R8TX_FLASH.ld" --specs=nosys.specs -Wl,-Map="Paralela.map" -Wl,--gc-sections -static --specs=nano.specs -mfpu=fpv4-sp-d16 -mfloat-abi=hard -mthumb -Wl,--start-group -lc -lm -Wl,--end-group
Finished building target: Paralela.elf
 
arm-none-eabi-objdump -h -S  Paralela.elf  > "Paralela.list"
arm-none-eabi-size   Paralela.elf 
   text	   data	    bss	    dec	    hex	filename
  13240	    120	   1712	  15072	   3ae0	Paralela.elf
Finished building: default.size.stdout
 
Finished building: Paralela.list
 

21:47:05 Build Finished. 0 errors, 5 warnings. (took 4s.868ms)

