23:10:21 **** Incremental Build of configuration Debug for project rtos_first_project ****
make -j8 all 
arm-none-eabi-gcc "../Src/main.c" -mcpu=cortex-m4 -std=gnu11 -g3 -DUSE_HAL_DRIVER -DSTM32F334x8 -DDEBUG -c -I../Middlewares/Third_Party/FreeRTOS/Source/include -I../Middlewares/Third_Party/FreeRTOS/Source/portable/GCC/ARM_CM4F -I../Inc -I../Drivers/CMSIS/Include -I../Drivers/STM32F3xx_HAL_Driver/Inc -I../Drivers/STM32F3xx_HAL_Driver/Inc/Legacy -I../Drivers/CMSIS/Device/ST/STM32F3xx/Include -I../Middlewares/Third_Party/FreeRTOS/Source/CMSIS_RTOS -O0 -ffunction-sections -fdata-sections -Wall -fstack-usage -MMD -MP -MF"Src/main.d" -MT"Src/main.o" --specs=nano.specs -mfpu=fpv4-sp-d16 -mfloat-abi=hard -mthumb -o "Src/main.o"
../Src/main.c: In function 'main':
../Src/main.c:177:30: warning: pointer targets in passing argument 2 of 'HAL_UART_Transmit' differ in signedness [-Wpointer-sign]
   HAL_UART_Transmit(&huart2, "inicio", 6, 1000);
                              ^~~~~~~~
In file included from ../Inc/stm32f3xx_hal_conf.h:320:0,
                 from ../Drivers/STM32F3xx_HAL_Driver/Inc/stm32f3xx_hal.h:46,
                 from ../Inc/main.h:31,
                 from ../Src/main.c:22:
../Drivers/STM32F3xx_HAL_Driver/Inc/stm32f3xx_hal_uart.h:1351:19: note: expected 'uint8_t * {aka unsigned char *}' but argument is of type 'char *'
 HAL_StatusTypeDef HAL_UART_Transmit(UART_HandleTypeDef *huart, uint8_t *pData, uint16_t Size, uint32_t Timeout);
                   ^~~~~~~~~~~~~~~~~
../Src/main.c: In function 'StartTask02':
../Src/main.c:456:13: warning: pointer targets in passing argument 1 of 'sprintf' differ in signedness [-Wpointer-sign]
     sprintf(lapse1, "00:00:00\r\n");
             ^~~~~~
In file included from ../Drivers/STM32F3xx_HAL_Driver/Inc/stm32f3xx_hal_def.h:50:0,
                 from ../Drivers/STM32F3xx_HAL_Driver/Inc/stm32f3xx_hal_rcc.h:45,
                 from ../Inc/stm32f3xx_hal_conf.h:196,
                 from ../Drivers/STM32F3xx_HAL_Driver/Inc/stm32f3xx_hal.h:46,
                 from ../Inc/main.h:31,
                 from ../Src/main.c:22:
d:\stm32cubeide_1.0.1\stm32cubeide\plugins\com.st.stm32cube.ide.mcu.externaltools.gnu-tools-for-stm32.7-2018-q2-update.win32_1.0.0.201904181610\tools\arm-none-eabi\include\stdio.h:244:5: note: expected 'char * restrict' but argument is of type 'uint8_t * {aka unsigned char *}'
 int sprintf (char *__restrict, const char *__restrict, ...)
     ^~~~~~~
../Src/main.c:457:13: warning: pointer targets in passing argument 1 of 'sprintf' differ in signedness [-Wpointer-sign]
     sprintf(lapse2, "00:00:00\r\n");
             ^~~~~~
In file included from ../Drivers/STM32F3xx_HAL_Driver/Inc/stm32f3xx_hal_def.h:50:0,
                 from ../Drivers/STM32F3xx_HAL_Driver/Inc/stm32f3xx_hal_rcc.h:45,
                 from ../Inc/stm32f3xx_hal_conf.h:196,
                 from ../Drivers/STM32F3xx_HAL_Driver/Inc/stm32f3xx_hal.h:46,
                 from ../Inc/main.h:31,
                 from ../Src/main.c:22:
d:\stm32cubeide_1.0.1\stm32cubeide\plugins\com.st.stm32cube.ide.mcu.externaltools.gnu-tools-for-stm32.7-2018-q2-update.win32_1.0.0.201904181610\tools\arm-none-eabi\include\stdio.h:244:5: note: expected 'char * restrict' but argument is of type 'uint8_t * {aka unsigned char *}'
 int sprintf (char *__restrict, const char *__restrict, ...)
     ^~~~~~~
../Src/main.c:469:13: warning: pointer targets in passing argument 1 of 'sprintf' differ in signedness [-Wpointer-sign]
     sprintf(lapse1, "%d:%d:%d", hour, minute, second);
             ^~~~~~
In file included from ../Drivers/STM32F3xx_HAL_Driver/Inc/stm32f3xx_hal_def.h:50:0,
                 from ../Drivers/STM32F3xx_HAL_Driver/Inc/stm32f3xx_hal_rcc.h:45,
                 from ../Inc/stm32f3xx_hal_conf.h:196,
                 from ../Drivers/STM32F3xx_HAL_Driver/Inc/stm32f3xx_hal.h:46,
                 from ../Inc/main.h:31,
                 from ../Src/main.c:22:
d:\stm32cubeide_1.0.1\stm32cubeide\plugins\com.st.stm32cube.ide.mcu.externaltools.gnu-tools-for-stm32.7-2018-q2-update.win32_1.0.0.201904181610\tools\arm-none-eabi\include\stdio.h:244:5: note: expected 'char * restrict' but argument is of type 'uint8_t * {aka unsigned char *}'
 int sprintf (char *__restrict, const char *__restrict, ...)
     ^~~~~~~
../Src/main.c:473:13: warning: pointer targets in passing argument 1 of 'sprintf' differ in signedness [-Wpointer-sign]
     sprintf(lapse2, "%d:%d:%d", hour, minute, second);
             ^~~~~~
In file included from ../Drivers/STM32F3xx_HAL_Driver/Inc/stm32f3xx_hal_def.h:50:0,
                 from ../Drivers/STM32F3xx_HAL_Driver/Inc/stm32f3xx_hal_rcc.h:45,
                 from ../Inc/stm32f3xx_hal_conf.h:196,
                 from ../Drivers/STM32F3xx_HAL_Driver/Inc/stm32f3xx_hal.h:46,
                 from ../Inc/main.h:31,
                 from ../Src/main.c:22:
d:\stm32cubeide_1.0.1\stm32cubeide\plugins\com.st.stm32cube.ide.mcu.externaltools.gnu-tools-for-stm32.7-2018-q2-update.win32_1.0.0.201904181610\tools\arm-none-eabi\include\stdio.h:244:5: note: expected 'char * restrict' but argument is of type 'uint8_t * {aka unsigned char *}'
 int sprintf (char *__restrict, const char *__restrict, ...)
     ^~~~~~~
../Src/main.c:493:11: warning: pointer targets in passing argument 1 of 'sprintf' differ in signedness [-Wpointer-sign]
   sprintf(timer, "%d:%d:%d\r\n%s\r\n%s", hour, minute, second, lapse1, lapse2);
           ^~~~~
In file included from ../Drivers/STM32F3xx_HAL_Driver/Inc/stm32f3xx_hal_def.h:50:0,
                 from ../Drivers/STM32F3xx_HAL_Driver/Inc/stm32f3xx_hal_rcc.h:45,
                 from ../Inc/stm32f3xx_hal_conf.h:196,
                 from ../Drivers/STM32F3xx_HAL_Driver/Inc/stm32f3xx_hal.h:46,
                 from ../Inc/main.h:31,
                 from ../Src/main.c:22:
d:\stm32cubeide_1.0.1\stm32cubeide\plugins\com.st.stm32cube.ide.mcu.externaltools.gnu-tools-for-stm32.7-2018-q2-update.win32_1.0.0.201904181610\tools\arm-none-eabi\include\stdio.h:244:5: note: expected 'char * restrict' but argument is of type 'uint8_t * {aka unsigned char *}'
 int sprintf (char *__restrict, const char *__restrict, ...)
     ^~~~~~~
../Src/main.c: In function 'StartTask03':
../Src/main.c:524:36: warning: implicit declaration of function 'strlen' [-Wimplicit-function-declaration]
  HAL_UART_Transmit(&huart2, timer, strlen(timer), 1000);
                                    ^~~~~~
../Src/main.c:524:36: warning: incompatible implicit declaration of built-in function 'strlen'
../Src/main.c:524:36: note: include '<string.h>' or provide a declaration of 'strlen'
../Src/main.c:524:43: warning: pointer targets in passing argument 1 of 'strlen' differ in signedness [-Wpointer-sign]
  HAL_UART_Transmit(&huart2, timer, strlen(timer), 1000);
                                           ^~~~~
../Src/main.c:524:43: note: expected 'const char *' but argument is of type 'uint8_t * {aka unsigned char *}'
arm-none-eabi-gcc -o "rtos_first_project.elf" @"objects.list"   -mcpu=cortex-m4 -T"C:\Users\felip\Desktop\Code\Faculdade\Interfaceamento_Driver\rtos_first_project\STM32F334R8TX_FLASH.ld" --specs=nosys.specs -Wl,-Map="rtos_first_project.map" -Wl,--gc-sections -static --specs=nano.specs -mfpu=fpv4-sp-d16 -mfloat-abi=hard -mthumb -Wl,--start-group -lc -lm -Wl,--end-group
Finished building target: rtos_first_project.elf
 
arm-none-eabi-objdump -h -S  rtos_first_project.elf  > "rtos_first_project.list"
arm-none-eabi-size   rtos_first_project.elf 
   text	   data	    bss	    dec	    hex	filename
  27964	    124	   7204	  35292	   89dc	rtos_first_project.elf
Finished building: default.size.stdout
 
Finished building: rtos_first_project.list
 

23:10:27 Build Finished. 0 errors, 9 warnings. (took 6s.139ms)

